// Vitest Snapshot v1, https://vitest.dev/guide/snapshot.html

exports[`Format > should handle complex expressions 1`] = `
"<root>
  <!-- 基本逻辑运算符 -->
  <!-- 多重 OR 运算符 -->
  <!-- 链式访问与数组访问 -->
  <!-- 否定运算符与混合逻辑 -->
  <!-- 对象属性链式访问 -->
  <!-- 复杂条件判断 -->
  <!-- 重复数组访问组合（已修复） -->
  <view class="{{data && data.list}}">
    <text>{{user.name || 'Anonymous'}}</text>
  </view>
  <view>
    <text>{{user.name || user.nickname || 'Anonymous'}}</text>
  </view>
  <view class="{{data && data.list && data.list[0]}}">
    <text>{{array[index].name || 'default'}}</text>
  </view>
  <view wx:if="{{condition1 && condition2 && !condition3}}">
    <text>{{title || subtitle || 'No title'}}</text>
  </view>
  <view data-value="{{obj.prop1 && obj.prop1.prop2 || defaultValue}}">
    <text>{{config.theme.color || 'blue'}}</text>
  </view>
  <view wx:if="{{user && user.isActive && !user.isBlocked}}">
    <text>{{user.profile.displayName || user.username}}</text>
  </view>
  <view class="{{array[index] && array[index].className}}">
    <text>
      {{array[index] && array[index].prop || 'default'}}
    </text>
    <text>
      {{data && data.list && data.list[0] && data.list[0].value}}
    </text>
  </view>
</root>
"
`;

exports[`Format > should handle ignore comments - block 1`] = `
"<root>
  <view class="normal">normal formatting</view>
  

  <view class="messy-formatting"    id="test">
    <text>ignored content</text>
      <view>nested   element</view>
  </view
  

  <view class="normal-again">normal formatting again</view>
</root>
"
`;

exports[`Format > should handle ignore comments - simple 1`] = `
"<root>
  <!-- prettier-ignore -->
  <view class="messy-formatting" id="test">
    <text>simple text</text>
  </view>
  <view class="normal">
    <text>normal formatting</text>
  </view>
</root>
"
`;

exports[`Format > should handle template expressions with logical operators 1`] = `
"<view
  class="{{ array[index] && array[index].className }}"
  data-id="{{ item && item.id }}"
>
  <text>
    {{ array[index] && array[index].prop || 'default' }}
  </text>
  <text wx:if="{{ user && user.profile && user.profile.isActive }}">{{ user.profile.name }}</text>
</view>
"
`;

exports[`Format > should handle wxs embed 1`] = `
"<root>
  <wxs module="utils">
    var formatPrice = function (price) {
      if (!price) return '--';
      return '¥' + price.toFixed(2);
    };
    var isValid = function (user) {
      return user ? true : false;
    };
    module.exports = {
      formatPrice: formatPrice,
      isValid: isValid,
    };
  </wxs>
  <view class="{{data}}">
    <text>{{utils.formatPrice(item.price)}}</text>
    <text wx:if="{{utils.isValid(user)}}">{{user.name}}</text>
  </view>
</root>
"
`;
